// Jest Snapshot v1, https://goo.gl/fbAQLP

exports[`label renders correctly 1`] = `
<div>
  <label
    class="text-sm font-medium leading-none peer-disabled:cursor-not-allowed peer-disabled:opacity-70"
  >
    Label
  </label>
</div>
`;
