// Jest Snapshot v1, https://goo.gl/fbAQLP

exports[`table renders correctly 1`] = `
<div>
  <div
    class="relative w-full overflow-auto"
  >
    <table
      class="w-full caption-bottom text-sm"
    >
      <caption
        class="mt-4 text-sm text-muted-foreground"
      >
        A list of your recent invoices.
      </caption>
      <thead
        class="[&_tr]:border-b"
      >
        <tr
          class="border-b transition-colors hover:bg-muted/50 data-[state=selected]:bg-muted"
        >
          <th
            class="h-12 px-4 text-left align-middle font-medium text-muted-foreground [&:has([role=checkbox])]:pr-0 w-[100px]"
          >
            Invoice
          </th>
          <th
            class="h-12 px-4 text-left align-middle font-medium text-muted-foreground [&:has([role=checkbox])]:pr-0"
          >
            Status
          </th>
          <th
            class="h-12 px-4 text-left align-middle font-medium text-muted-foreground [&:has([role=checkbox])]:pr-0"
          >
            Method
          </th>
          <th
            class="h-12 px-4 align-middle font-medium text-muted-foreground [&:has([role=checkbox])]:pr-0 text-right"
          >
            Amount
          </th>
        </tr>
      </thead>
      <tbody
        class="[&_tr:last-child]:border-0"
      >
        <tr
          class="border-b transition-colors hover:bg-muted/50 data-[state=selected]:bg-muted"
        >
          <td
            class="p-4 align-middle [&:has([role=checkbox])]:pr-0 font-medium"
          >
            INV001
          </td>
          <td
            class="p-4 align-middle [&:has([role=checkbox])]:pr-0"
          >
            Paid
          </td>
          <td
            class="p-4 align-middle [&:has([role=checkbox])]:pr-0"
          >
            Credit Card
          </td>
          <td
            class="p-4 align-middle [&:has([role=checkbox])]:pr-0 text-right"
          >
            $250.00
          </td>
        </tr>
      </tbody>
    </table>
  </div>
</div>
`;
