// Jest Snapshot v1, https://goo.gl/fbAQLP

exports[`tooltip renders correctly 1`] = `
<div>
  <h1
    data-state="closed"
  >
    Hover me
  </h1>
</div>
`;
